// Jest Snapshot v1, https://goo.gl/fbAQLP

exports[`Navbar Component renders correctly 1`] = `
Array [
  " ",
  <div
    className="navbar"
    style={
      Object {
        "alignItems": "center",
        "backgroundColor": "#f5913e",
        "display": "flex",
        "justifyContent": "space-between",
        "margin": "0px",
        "padding": "5px 10px",
      }
    }
  >
    <h3
      style={
        Object {
          "margin": "5px",
        }
      }
    >
      Math Magician Calculator
      <i
        className="fas fa-magic"
        style={
          Object {
            "marginLeft": "5px",
          }
        }
      />
    </h3>
    <div
      className="links"
    >
      <a
        className="link"
        href="/home"
        onClick={[Function]}
        style={
          Object {
            "color": "white",
            "marginRight": "15px",
            "textDecoration": "none",
          }
        }
      >
        <i
          className="fas fa-home"
          style={
            Object {
              "marginRight": "5px",
            }
          }
        />
        Home
      </a>
      <a
        className="link"
        href="/calculator"
        onClick={[Function]}
        style={
          Object {
            "color": "white",
            "marginRight": "15px",
            "textDecoration": "none",
          }
        }
      >
        <i
          className="fas fa-calculator"
          style={
            Object {
              "marginRight": "5px",
            }
          }
        />
        Calculator
      </a>
      <a
        className="link"
        href="/quote"
        onClick={[Function]}
        style={
          Object {
            "color": "white",
            "marginRight": "15px",
            "textDecoration": "none",
          }
        }
      >
        <i
          className="far fa-comments"
          style={
            Object {
              "marginRight": "5px",
            }
          }
        />
        Quote
      </a>
    </div>
  </div>,
  " ",
]
`;
